
root@ix9:~ # dmesg
Copyright (c) 1992-2019 The FreeBSD Project.
Copyright (c) 1979, 1980, 1983, 1986, 1988, 1989, 1991, 1992, 1993, 1994
        The Regents of the University of California. All rights reserved.
FreeBSD is a registered trademark of The FreeBSD Foundation.
FreeBSD 12.1-RELEASE r354233 GENERIC amd64
FreeBSD clang version 8.0.1 (tags/RELEASE_801/final 366581) (based on LLVM 8.0.1)
VT: init without driver.
CPU: Intel(R) Atom(TM) CPU  E3845  @ 1.91GHz (1916.71-MHz K8-class CPU)
  Origin="GenuineIntel"  Id=0x30679  Family=0x6  Model=0x37  Stepping=9
  Features=0xbfebfbff<FPU,VME,DE,PSE,TSC,MSR,PAE,MCE,CX8,APIC,SEP,MTRR,PGE,MCA,CMOV,PAT,PSE36,CLFLUSH,DTS,ACPI,MMX,FXSR,SSE,SSE2,SS,HTT,TM,PBE>
  Features2=0x43d8e3bf<SSE3,PCLMULQDQ,DTES64,MON,DS_CPL,VMX,EST,TM2,SSSE3,CX16,xTPR,PDCM,SSE4.1,SSE4.2,MOVBE,POPCNT,TSCDLT,AESNI,RDRAND>
  AMD Features=0x28100800<SYSCALL,NX,RDTSCP,LM>
  AMD Features2=0x101<LAHF,Prefetch>
  Structured Extended Features=0x2282<TSCADJ,SMEP,ERMS,NFPUSG>
  Structured Extended Features3=0xc000000<IBPB,STIBP>
  VT-x: PAT,HLT,MTF,PAUSE,EPT,UG,VPID
  TSC: P-state invariant, performance statistics
real memory  = 8589934592 (8192 MB)
avail memory = 8133246976 (7756 MB)
Event timer "LAPIC" quality 600
ACPI APIC Table: <ALASKA A M I >
WARNING: L1 data cache covers fewer APIC IDs than a core (0 < 1)
FreeBSD/SMP: Multiprocessor System Detected: 4 CPUs
FreeBSD/SMP: 1 package(s) x 4 core(s)
random: unblocking device.
ioapic0 <Version 2.0> irqs 0-86 on motherboard
Launching APs: 3 2 1
Timecounter "TSC" frequency 1916712958 Hz quality 1000
random: entropy device external interface
kbd0 at kbdmux0
000.000023 [4335] netmap_init               netmap: loaded module
[ath_hal] loaded
module_register_init: MOD_LOAD (vesa, 0xffffffff8112e050, 0) error 19
random: registering fast source Intel Secure Key RNG
random: fast provider: "Intel Secure Key RNG"
nexus0
efirtc0: <EFI Realtime Clock> on motherboard
efirtc0: registered as a time-of-day clock, resolution 1.000000s
cryptosoft0: <software crypto> on motherboard
acpi0: <ALASKA A M I > on motherboard
acpi0: Power Button (fixed)
unknown: I/O range not supported
cpu0: <ACPI CPU> on acpi0
atrtc0: <AT realtime clock> port 0x70-0x77 on acpi0
atrtc0: Warning: Couldn't map I/O.
atrtc0: registered as a time-of-day clock, resolution 1.000000s
Event timer "RTC" frequency 32768 Hz quality 0
hpet0: <High Precision Event Timer> iomem 0xfed00000-0xfed003ff irq 8 on acpi0
Timecounter "HPET" frequency 14318180 Hz quality 950
Event timer "HPET" frequency 14318180 Hz quality 450
Event timer "HPET1" frequency 14318180 Hz quality 440
Event timer "HPET2" frequency 14318180 Hz quality 440
attimer0: <AT timer> port 0x40-0x43,0x50-0x53 irq 0 on acpi0
Timecounter "i8254" frequency 1193182 Hz quality 0
Event timer "i8254" frequency 1193182 Hz quality 100
Timecounter "ACPI-safe" frequency 3579545 Hz quality 850
acpi_timer0: <24-bit timer at 3.579545MHz> port 0x408-0x40b on acpi0
pcib0: <ACPI Host-PCI bridge> port 0xcf8-0xcff on acpi0
pcib0: Length mismatch for 3 range: 10a35fff vs 10a36000
pci0: <ACPI PCI bus> on pcib0
vgapci0: <VGA-compatible display> port 0xe080-0xe087 mem 0x90000000-0x903fffff,0x80000000-0x8fffffff irq 16 at device 2.0 on pci0
vgapci0: Boot video device
ahci0: <AHCI SATA controller> port 0xe070-0xe077,0xe060-0xe063,0xe050-0xe057,0xe040-0xe043,0xe020-0xe03f mem 0x90a33000-0x90a337ff irq 19 at device 19.0 on pci0
ahci0: AHCI v1.30 with 2 3Gbps ports, Port Multiplier not supported
ahcich0: <AHCI channel> at channel 0 on ahci0
xhci0: <Intel BayTrail USB 3.0 controller> mem 0x90a00000-0x90a0ffff irq 20 at device 20.0 on pci0
xhci0: 32 bytes context size, 64-bit DMA
xhci0: Port routing mask set to 0xffffffff
usbus0 on xhci0
usbus0: 5.0Gbps Super Speed USB v3.0
pci0: <encrypt/decrypt> at device 26.0 (no driver attached)
hdac0: <Intel BayTrail HDA Controller> mem 0x90a14000-0x90a17fff irq 22 at device 27.0 on pci0
pcib1: <ACPI PCI-PCI bridge> irq 16 at device 28.0 on pci0
pci1: <ACPI PCI bus> on pcib1
pcib2: <ACPI PCI-PCI bridge> irq 17 at device 28.1 on pci0
pci2: <ACPI PCI bus> on pcib2
re0: <RealTek 8168/8111 B/C/CP/D/DP/E/F/G PCIe Gigabit Ethernet> port 0xd000-0xd0ff mem 0x90904000-0x90904fff,0x90900000-0x90903fff irq 17 at device 0.0 on pci2
re0: Using 1 MSI-X message
re0: ASPM disabled
re0: Chip rev. 0x48000000
re0: MAC rev. 0x00100000
miibus0: <MII bus> on re0
rgephy0: <RTL8169S/8110S/8211 1000BASE-T media interface> PHY 1 on miibus0
rgephy0:  none, 10baseT, 10baseT-FDX, 10baseT-FDX-flow, 100baseTX, 100baseTX-FDX, 100baseTX-FDX-flow, 1000baseT-FDX, 1000baseT-FDX-master, 1000baseT-FDX-flow, 1000baseT-FDX-flow-master, auto, auto-flow
re0: Using defaults for TSO: 65518/35/2048
re0: Ethernet address: 00:0a:85:12:00:6c
re0: netmap queues/slots: TX 1/256, RX 1/256
pcib3: <ACPI PCI-PCI bridge> irq 18 at device 28.2 on pci0
pci3: <ACPI PCI bus> on pcib3
pcib4: <ACPI PCI-PCI bridge> at device 0.0 on pci3
pci4: <ACPI PCI bus> on pcib4
pcib5: <PCI-PCI bridge> at device 1.0 on pci4
pci5: <PCI bus> on pcib5
re1: <RealTek 8168/8111 B/C/CP/D/DP/E/F/G PCIe Gigabit Ethernet> port 0xb000-0xb0ff mem 0x90704000-0x90704fff,0x90700000-0x90703fff irq 19 at device 0.0 on pci5
re1: Using 1 MSI-X message
re1: Chip rev. 0x48000000
re1: MAC rev. 0x00100000
miibus1: <MII bus> on re1
rgephy1: <RTL8169S/8110S/8211 1000BASE-T media interface> PHY 1 on miibus1
rgephy1:  none, 10baseT, 10baseT-FDX, 10baseT-FDX-flow, 100baseTX, 100baseTX-FDX, 100baseTX-FDX-flow, 1000baseT-FDX, 1000baseT-FDX-master, 1000baseT-FDX-flow, 1000baseT-FDX-flow-master, auto, auto-flow
re1: Using defaults for TSO: 65518/35/2048
re1: Ethernet address: 00:0a:85:12:00:6e
re1: netmap queues/slots: TX 1/256, RX 1/256
pcib6: <PCI-PCI bridge> at device 2.0 on pci4
pci6: <PCI bus> on pcib6
re2: <RealTek 8168/8111 B/C/CP/D/DP/E/F/G PCIe Gigabit Ethernet> port 0xa000-0xa0ff mem 0x90604000-0x90604fff,0x90600000-0x90603fff irq 16 at device 0.0 on pci6
re2: Using 1 MSI-X message
re2: Chip rev. 0x48000000
re2: MAC rev. 0x00100000
miibus2: <MII bus> on re2
rgephy2: <RTL8169S/8110S/8211 1000BASE-T media interface> PHY 1 on miibus2
rgephy2:  none, 10baseT, 10baseT-FDX, 10baseT-FDX-flow, 100baseTX, 100baseTX-FDX, 100baseTX-FDX-flow, 1000baseT-FDX, 1000baseT-FDX-master, 1000baseT-FDX-flow, 1000baseT-FDX-flow-master, auto, auto-flow
re2: Using defaults for TSO: 65518/35/2048
re2: Ethernet address: 00:0a:85:12:00:6f
re2: netmap queues/slots: TX 1/256, RX 1/256
pcib7: <PCI-PCI bridge> at device 3.0 on pci4
pci7: <PCI bus> on pcib7
pcib8: <ACPI PCI-PCI bridge> irq 19 at device 28.3 on pci0
pci8: <ACPI PCI bus> on pcib8
re3: <RealTek 8168/8111 B/C/CP/D/DP/E/F/G PCIe Gigabit Ethernet> port 0xc000-0xc0ff mem 0x90804000-0x90804fff,0x90800000-0x90803fff irq 19 at device 0.0 on pci8
re3: Using 1 MSI-X message
re3: ASPM disabled
re3: Chip rev. 0x48000000
re3: MAC rev. 0x00100000
miibus3: <MII bus> on re3
rgephy3: <RTL8169S/8110S/8211 1000BASE-T media interface> PHY 1 on miibus3
rgephy3:  none, 10baseT, 10baseT-FDX, 10baseT-FDX-flow, 100baseTX, 100baseTX-FDX, 100baseTX-FDX-flow, 1000baseT-FDX, 1000baseT-FDX-master, 1000baseT-FDX-flow, 1000baseT-FDX-flow-master, auto, auto-flow
re3: Using defaults for TSO: 65518/35/2048
re3: Ethernet address: 00:0a:85:12:00:6d
re3: netmap queues/slots: TX 1/256, RX 1/256
isab0: <PCI-ISA bridge> at device 31.0 on pci0
isa0: <ISA bus> on isab0
acpi_button0: <Sleep Button> on acpi0
uart0: <16550 or compatible> port 0x3f8-0x3ff irq 4 flags 0x10 on acpi0
uart0: console (115200,n,8,1)
est0: <Enhanced SpeedStep Frequency Control> on cpu0
Timecounters tick every 1.000 msec
hdacc0: <Intel (0x2882) HDA CODEC>ada0 at ahcich0 bus 0 scbus0 target 0 lun 0
ada0: <UDinfo M2S 128GB SBFM61.3> ACS-4 ATA SATA 3.x device
ada0: Serial Number ABD5529C130E17138104
ada0: 300.000MB/s transfers (SATA 2.x, UDMA6, PIO 8192bytes)
ada0: Command Queueing enabled
ada0: 122104MB (250069680 512 byte sectors)
 at cad 2 on hdac0
hdaa0: <Intel (0x2882) Audio Function Group> at nid 1 on hdacc0
pcm0: <Intel (0x2882) (HDMI/DP 8ch)> at nid 4 on hdaa0
ugen0.1: <0x8086 XHCI root HUB> at usbus0
Trying to mount root from ufs:/dev/ada0p2 [rw]...
uhub0: <0x8086 XHCI root HUB, class 9/0, rev 3.00/1.00, addr 1> on usbus0
uhub0: 7 ports with 7 removable, self powered
ugen0.2: <Microchip Tech USB2744> at usbus0
uhub1 on uhub0
uhub1: <Microchip Tech USB2744, class 9/0, rev 2.10/2.05, addr 1> on usbus0
uhub1: MTT enabled
uhub1: 5 ports with 4 removable, self powered
ugen0.3: <Microchip Tech Hub Controller> at usbus0
lo0: link state changed to UP
re0: link state changed to DOWN
ugen0.4: <Microchip Tech USB5744> at usbus0
uhub2 on uhub0
uhub2: <Microchip Tech USB5744, class 9/0, rev 3.10/2.05, addr 3> on usbus0
uhub2: 4 ports with 4 removable, self powered
re0: link state changed to UP
re1: link state changed to DOWN
re2: link state changed to DOWN
re3: link state changed to DOWN


